VUS 5 DURATIOIN  5

dogancaglar@Dogans-MacBook-Pro ecommerce-platform-kotlin % k6 run load-tests/baseline-smoke-test.js

         /\      Grafana   /‾‾/
    /\  /  \     |\  __   /  /
   /  \/    \    | |/ /  /   ‾‾\
  /          \   |   (  |  (‾)  |
 / __________ \  |_|\_\  \_____/

     execution: local
        script: load-tests/baseline-smoke-test.js
        output: -

     scenarios: (100.00%) 1 scenario, 5 max VUs, 5m30s max duration (incl. graceful stop):
              * default: 5 looping VUs for 5m0s (gracefulStop: 30s)



  █ TOTAL RESULTS

    checks_total.......................: 1480    4.920346/s
    checks_succeeded...................: 100.00% 1480 out of 1480
    checks_failed......................: 0.00%   0 out of 1480

    ✓ status is 200

    HTTP
    http_req_duration.......................................................: avg=14.68ms min=3.25ms med=12.84ms max=75.06ms p(90)=22.66ms p(95)=27.97ms
      { expected_response:true }............................................: avg=14.68ms min=3.25ms med=12.84ms max=75.06ms p(90)=22.66ms p(95)=27.97ms
    http_req_failed.........................................................: 0.00%  0 out of 1480
    http_reqs...............................................................: 1480   4.920346/s

    EXECUTION
    iteration_duration......................................................: avg=1.01s   min=1s     med=1.01s   max=1.07s   p(90)=1.02s   p(95)=1.03s
    iterations..............................................................: 1480   4.920346/s
    vus.....................................................................: 5      min=5         max=5
    vus_max.................................................................: 5      min=5         max=5

    NETWORK
    data_received...........................................................: 981 kB 3.3 kB/s
    data_sent...............................................................: 2.8 MB 9.4 kB/s




running (5m00.8s), 0/5 VUs, 1480 complete and 0 interrupted iterations

---------------------------
dogancaglar@Dogans-MacBook-Pro ecommerce-platform-kotlin % VUS=5 DURATION=2m k6 run load-tests/baseline-smoke-test.js

         /\      Grafana   /‾‾/
    /\  /  \     |\  __   /  /
   /  \/    \    | |/ /  /   ‾‾\
  /          \   |   (  |  (‾)  |
 / __________ \  |_|\_\  \_____/

     execution: local
        script: load-tests/baseline-smoke-test.js
        output: -

     scenarios: (100.00%) 1 scenario, 5 max VUs, 2m30s max duration (incl. graceful stop):
              * default: 5 looping VUs for 2m0s (gracefulStop: 30s)



  █ TOTAL RESULTS

    checks_total.......................: 595     4.921677/s
    checks_succeeded...................: 100.00% 595 out of 595
    checks_failed......................: 0.00%   0 out of 595

    ✓ status is 200

    HTTP
    http_req_duration.......................................................: avg=14.1ms min=5.19ms med=12.93ms max=106.25ms p(90)=19.65ms p(95)=22.86ms
      { expected_response:true }............................................: avg=14.1ms min=5.19ms med=12.93ms max=106.25ms p(90)=19.65ms p(95)=22.86ms
    http_req_failed.........................................................: 0.00%  0 out of 595
    http_reqs...............................................................: 595    4.921677/s

    EXECUTION
    iteration_duration......................................................: avg=1.01s  min=1s     med=1.01s   max=1.1s     p(90)=1.02s   p(95)=1.02s
    iterations..............................................................: 595    4.921677/s
    vus.....................................................................: 5      min=5        max=5
    vus_max.................................................................: 5      min=5        max=5

    NETWORK
    data_received...........................................................: 398 kB 3.3 kB/s
    data_sent...............................................................: 1.1 MB 9.4 kB/s





-----------------------



dogancaglar@Dogans-MacBook-Pro ecommerce-platform-kotlin % VUS=5 DURATION=4m k6 run load-tests/baseline-smoke-test.js

         /\      Grafana   /‾‾/
    /\  /  \     |\  __   /  /
   /  \/    \    | |/ /  /   ‾‾\
  /          \   |   (  |  (‾)  |
 / __________ \  |_|\_\  \_____/

     execution: local
        script: load-tests/baseline-smoke-test.js
        output: -

     scenarios: (100.00%) 1 scenario, 5 max VUs, 4m30s max duration (incl. graceful stop):
              * default: 5 looping VUs for 4m0s (gracefulStop: 30s)



  █ TOTAL RESULTS

    checks_total.......................: 1185    4.919556/s
    checks_succeeded...................: 100.00% 1185 out of 1185
    checks_failed......................: 0.00%   0 out of 1185

    ✓ status is 200

    HTTP
    http_req_duration.......................................................: avg=14.68ms min=4.38ms med=13.19ms max=93.29ms p(90)=22.38ms p(95)=25.77ms
      { expected_response:true }............................................: avg=14.68ms min=4.38ms med=13.19ms max=93.29ms p(90)=22.38ms p(95)=25.77ms
    http_req_failed.........................................................: 0.00%  0 out of 1185
    http_reqs...............................................................: 1185   4.919556/s

    EXECUTION
    iteration_duration......................................................: avg=1.01s   min=1s     med=1.01s   max=1.09s   p(90)=1.02s   p(95)=1.02s
    iterations..............................................................: 1185   4.919556/s
    vus.....................................................................: 5      min=5         max=5
    vus_max.................................................................: 5      min=5         max=5

    NETWORK
    data_received...........................................................: 787 kB 3.3 kB/s
    data_sent...............................................................: 2.3 MB 9.4 kB/s




running (4m00.9s), 0/5 VUs, 1185 complete and 0 interrupted iterations
default ✓ [======================================] 5 VUs  4m0s



dogancaglar@Dogans-MacBook-Pro ecommerce-platform-kotlin % VUS=5 DURATION=10m k6 run load-tests/baseline-smoke-test.js

         /\      Grafana   /‾‾/
    /\  /  \     |\  __   /  /
   /  \/    \    | |/ /  /   ‾‾\
  /          \   |   (  |  (‾)  |
 / __________ \  |_|\_\  \_____/

     execution: local
        script: load-tests/baseline-smoke-test.js
        output: -

     scenarios: (100.00%) 1 scenario, 5 max VUs, 10m30s max duration (incl. graceful stop):
              * default: 5 looping VUs for 10m0s (gracefulStop: 30s)



  █ TOTAL RESULTS

    checks_total.......................: 2960    4.926135/s
    checks_succeeded...................: 100.00% 2960 out of 2960
    checks_failed......................: 0.00%   0 out of 2960

    ✓ status is 200

    HTTP
    http_req_duration.......................................................: avg=13.25ms min=3.37ms med=12.08ms max=168.34ms p(90)=18.81ms p(95)=22.64ms
      { expected_response:true }............................................: avg=13.25ms min=3.37ms med=12.08ms max=168.34ms p(90)=18.81ms p(95)=22.64ms
    http_req_failed.........................................................: 0.00%  0 out of 2960
    http_reqs...............................................................: 2960   4.926135/s

    EXECUTION
    iteration_duration......................................................: avg=1.01s   min=1s     med=1.01s   max=1.16s    p(90)=1.02s   p(95)=1.02s
    iterations..............................................................: 2960   4.926135/s
    vus.....................................................................: 5      min=5         max=5
    vus_max.................................................................: 5      min=5         max=5

    NETWORK
    data_received...........................................................: 2.0 MB 3.3 kB/s
    data_sent...............................................................: 5.6 MB 9.4 kB/s




running (10m00.9s), 0/5 VUs, 2960 complete and 0 interrupted iterations




dogancaglar@Dogans-MacBook-Pro ecommerce-platform-kotlin % VUS=5 DURATION=20m k6 run load-tests/baseline-smoke-test.js

         /\      Grafana   /‾‾/
    /\  /  \     |\  __   /  /
   /  \/    \    | |/ /  /   ‾‾\
  /          \   |   (  |  (‾)  |
 / __________ \  |_|\_\  \_____/

     execution: local
        script: load-tests/baseline-smoke-test.js
        output: -

     scenarios: (100.00%) 1 scenario, 5 max VUs, 20m30s max duration (incl. graceful stop):
              * default: 5 looping VUs for 20m0s (gracefulStop: 30s)



  █ TOTAL RESULTS

    checks_total.......................: 5925    4.936172/s
    checks_succeeded...................: 100.00% 5925 out of 5925
    checks_failed......................: 0.00%   0 out of 5925

    ✓ status is 200

    HTTP
    http_req_duration.......................................................: avg=11.48ms min=2.73ms med=10.52ms max=166.54ms p(90)=16.67ms p(95)=19.29ms
      { expected_response:true }............................................: avg=11.48ms min=2.73ms med=10.52ms max=166.54ms p(90)=16.67ms p(95)=19.29ms
    http_req_failed.........................................................: 0.00%  0 out of 5925
    http_reqs...............................................................: 5925   4.936172/s

    EXECUTION
    iteration_duration......................................................: avg=1.01s   min=1s     med=1.01s   max=1.16s    p(90)=1.01s   p(95)=1.02s
    iterations..............................................................: 5925   4.936172/s
    vus.....................................................................: 5      min=5         max=5
    vus_max.................................................................: 5      min=5         max=5

    NETWORK
    data_received...........................................................: 3.9 MB 3.3 kB/s
    data_sent...............................................................: 11 MB  9.4 kB/s


dogancaglar@Dogans-MacBook-Pro ecommerce-platform-kotlin %  VUS=10 DURATION=20m k6 run load-tests/baseline-smoke-test.js

         /\      Grafana   /‾‾/
    /\  /  \     |\  __   /  /
   /  \/    \    | |/ /  /   ‾‾\
  /          \   |   (  |  (‾)  |
 / __________ \  |_|\_\  \_____/

     execution: local
        script: load-tests/baseline-smoke-test.js
        output: -

     scenarios: (100.00%) 1 scenario, 10 max VUs, 20m30s max duration (incl. graceful stop):
              * default: 10 looping VUs for 20m0s (gracefulStop: 30s)



  █ TOTAL RESULTS

    checks_total.......................: 11790   9.824809/s
    checks_succeeded...................: 100.00% 11790 out of 11790
    checks_failed......................: 0.00%   0 out of 11790

    ✓ status is 200

    HTTP
    http_req_duration.......................................................: avg=16.68ms min=3.5ms med=14.37ms max=1.49s p(90)=23.12ms p(95)=27.17ms
      { expected_response:true }............................................: avg=16.68ms min=3.5ms med=14.37ms max=1.49s p(90)=23.12ms p(95)=27.17ms
    http_req_failed.........................................................: 0.00%  0 out of 11790
    http_reqs...............................................................: 11790  9.824809/s

    EXECUTION
    iteration_duration......................................................: avg=1.01s   min=1s    med=1.01s   max=2.5s  p(90)=1.02s   p(95)=1.02s
    iterations..............................................................: 11790  9.824809/s
    vus.....................................................................: 10     min=10         max=10
    vus_max.................................................................: 10     min=10         max=10

    NETWORK
    data_received...........................................................: 7.8 MB 6.5 kB/s
    data_sent...............................................................: 22 MB  19 kB/s
